DEBUG:root:2+2
